// Jest Snapshot v1, https://goo.gl/fbAQLP

exports[`Header should match Header 1`] = `
<div
  className="makeStyles-root-1"
>
  <header
    className="MuiPaper-root MuiAppBar-root MuiAppBar-positionFixed MuiAppBar-colorDefault mui-fixed MuiPaper-elevation4"
    style={
      Object {
        "backgroundColor": "",
      }
    }
  >
    <div
      className="MuiGrid-root MuiGrid-container MuiGrid-align-items-xs-center MuiGrid-align-content-xs-center MuiGrid-justify-xs-center"
    >
      <div
        className="MuiGrid-root makeStyles-drawerMenuIcon-3 MuiGrid-item"
      >
        <button
          className="MuiButtonBase-root MuiIconButton-root"
          disabled={false}
          onBlur={[Function]}
          onClick={[Function]}
          onDragLeave={[Function]}
          onFocus={[Function]}
          onKeyDown={[Function]}
          onKeyUp={[Function]}
          onMouseDown={[Function]}
          onMouseLeave={[Function]}
          onMouseUp={[Function]}
          onTouchEnd={[Function]}
          onTouchMove={[Function]}
          onTouchStart={[Function]}
          tabIndex={0}
          type="button"
        >
          <span
            className="MuiIconButton-label"
          >
            <svg
              aria-hidden={true}
              className="MuiSvgIcon-root"
              focusable="false"
              style={
                Object {
                  "color": "",
                }
              }
              viewBox="0 0 24 24"
            >
              <path
                d="M3 18h18v-2H3v2zm0-5h18v-2H3v2zm0-7v2h18V6H3z"
              />
            </svg>
          </span>
        </button>
      </div>
      <div
        className="MuiGrid-root MuiGrid-item"
      >
        <Logo />
      </div>
    </div>
    <div
      className="MuiGrid-root MuiGrid-container MuiGrid-justify-xs-center"
    >
      <Tabs here
        className="makeStyles-tabs-2"
        indicatorColor="primary"
        onChange={[Function]}
        textColor="primary"
        value={0}
        variant="scrollable"
      >
        <button
          className="MuiButtonBase-root MuiTab-root MuiTab-textColorInherit"
          disabled={false}
          onBlur={[Function]}
          onClick={[Function]}
          onDragLeave={[Function]}
          onFocus={[Function]}
          onKeyDown={[Function]}
          onKeyUp={[Function]}
          onMouseDown={[Function]}
          onMouseLeave={[Function]}
          onMouseUp={[Function]}
          onTouchEnd={[Function]}
          onTouchMove={[Function]}
          onTouchStart={[Function]}
          role="tab"
          tabIndex={-1}
          type="button"
        >
          <span
            className="MuiTab-wrapper"
          >
            Home
          </span>
        </button>
        <button
          className="MuiButtonBase-root MuiTab-root MuiTab-textColorInherit"
          disabled={false}
          onBlur={[Function]}
          onClick={[Function]}
          onDragLeave={[Function]}
          onFocus={[Function]}
          onKeyDown={[Function]}
          onKeyUp={[Function]}
          onMouseDown={[Function]}
          onMouseLeave={[Function]}
          onMouseUp={[Function]}
          onTouchEnd={[Function]}
          onTouchMove={[Function]}
          onTouchStart={[Function]}
          role="tab"
          tabIndex={-1}
          type="button"
        >
          <span
            className="MuiTab-wrapper"
          >
            Coding
          </span>
        </button>
        <button
          className="MuiButtonBase-root MuiTab-root MuiTab-textColorInherit"
          disabled={false}
          onBlur={[Function]}
          onClick={[Function]}
          onDragLeave={[Function]}
          onFocus={[Function]}
          onKeyDown={[Function]}
          onKeyUp={[Function]}
          onMouseDown={[Function]}
          onMouseLeave={[Function]}
          onMouseUp={[Function]}
          onTouchEnd={[Function]}
          onTouchMove={[Function]}
          onTouchStart={[Function]}
          role="tab"
          tabIndex={-1}
          type="button"
        >
          <span
            className="MuiTab-wrapper"
          >
            Motorcycles
          </span>
        </button>
        <button
          className="MuiButtonBase-root MuiTab-root MuiTab-textColorInherit"
          disabled={false}
          onBlur={[Function]}
          onClick={[Function]}
          onDragLeave={[Function]}
          onFocus={[Function]}
          onKeyDown={[Function]}
          onKeyUp={[Function]}
          onMouseDown={[Function]}
          onMouseLeave={[Function]}
          onMouseUp={[Function]}
          onTouchEnd={[Function]}
          onTouchMove={[Function]}
          onTouchStart={[Function]}
          role="tab"
          tabIndex={-1}
          type="button"
        >
          <span
            className="MuiTab-wrapper"
          >
            Entertainment
          </span>
        </button>
        <button
          className="MuiButtonBase-root MuiTab-root MuiTab-textColorInherit"
          disabled={false}
          onBlur={[Function]}
          onClick={[Function]}
          onDragLeave={[Function]}
          onFocus={[Function]}
          onKeyDown={[Function]}
          onKeyUp={[Function]}
          onMouseDown={[Function]}
          onMouseLeave={[Function]}
          onMouseUp={[Function]}
          onTouchEnd={[Function]}
          onTouchMove={[Function]}
          onTouchStart={[Function]}
          role="tab"
          tabIndex={-1}
          type="button"
        >
          <span
            className="MuiTab-wrapper"
          >
            News
          </span>
        </button>
      </Tabs here>
    </div>
  </header>
</div>
`;
